// Jest Snapshot v1, https://goo.gl/fbAQLP

exports[`About component matches snapshot 1`] = `
<Element
  className="About"
  name="About"
>
  <header>
    <h1>
      <Typist
        avgTypingDelay={70}
        className=""
        cursor={
          Object {
            "hideWhenDone": true,
          }
        }
        delayGenerator={[Function]}
        onCharacterTyped={[Function]}
        onLineTyped={[Function]}
        onTypingDone={[Function]}
        startDelay={0}
        stdTypingDelay={25}
      >
        Hi, I'm Ben. I'm a Creative Software Developer
        <Backspace
          count={18}
          delay={750}
        />
        <Delay
          ms={800}
        />
        Front End Developer
        <Backspace
          count={19}
          delay={750}
        />
        <Delay
          ms={850}
        />
        Back End Engineer
        <Backspace
          count={17}
          delay={500}
        />
        <Delay
          ms={1150}
        />
        Full Stack Developer
        <Backspace
          count={29}
          delay={500}
        />
        lot of things.
      </Typist>
    </h1>
  </header>
  <main>
    <section>
      <p>
        I'm a full-stack developer with an entrepreneurial background in front-end web development, SEO, and education. I'm enthusiastic about creating code that solves human-centered problems and I love learning and teaching new techniques and technologies.
      </p>
      <p>
        After earning my degree in Multimedia Design, I spent more than a decade designing and developing websites. During that time I drilled deeper into full-stack development and JavaScript.
      </p>
    </section>
    <figure
      className="profile"
    >
      <img
        src="/path/image"
      />
    </figure>
  </main>
</Element>
`;
